2026-09-15 09:00:21 INFO Incoming POST request to /api/users
2026-09-15 09:00:44 INFO Health check passed
2026-09-15 09:00:48 INFO User logged out successfully
2026-09-15 09:00:32 ERROR Request timed out status=403
2026-09-15 09:01:45 ERROR Unable to connect to payment service status=429
2026-09-15 09:01:36 INFO Incoming GET request to /login
2026-09-15 09:01:38 INFO User logged out successfully
2026-09-15 09:02:24 INFO Incoming GET request to /
2026-09-15 09:01:30 WARNING Disk usage above 75 percent
2026-09-15 09:01:50 INFO User authentication successful
2026-09-15 09:03:29 INFO Health check passed
2026-09-15 09:03:12 ERROR Failed to parse JSON request body status=400
2026-09-15 09:04:46 INFO Session created successfully
2026-09-15 09:02:34 ERROR Database query execution failed status=500
2026-09-15 09:02:30 ERROR Service unavailable status=503
2026-09-15 09:04:32 INFO Background job completed
2026-09-15 09:05:23 INFO Health check passed
2026-09-15 09:04:12 ERROR Invalid user input status=401
2026-09-15 09:02:51 INFO Cache refreshed
2026-09-15 09:05:00 INFO User logged out successfully
2026-09-15 09:05:57 INFO Incoming GET request to /
2026-09-15 09:05:30 INFO Background job completed
2026-09-15 09:04:13 INFO Static file served: /css/style.css
2026-09-15 09:06:24 INFO Static file served: /js/app.js
2026-09-15 09:07:55 INFO Incoming GET request to /login
2026-09-15 09:08:14 ERROR Failed to upload file status=429
2026-09-15 09:06:18 WARNING Retrying connection to external API
2026-09-15 09:04:40 ERROR Application crashed during request status=403
2026-09-15 09:12:05 ERROR Failed to resolve hostname status=404
2026-09-15 09:06:30 ERROR Request body exceeded size limit status=502
2026-09-15 09:10:20 INFO Database connection established
2026-09-15 09:13:20 ERROR User authentication failed status=404
2026-09-15 09:09:54 INFO Background job completed
2026-09-15 09:05:06 INFO Incoming POST request to /api/users
2026-09-15 09:05:15 INFO User logged out successfully
2026-09-15 09:10:48 ERROR Invalid API token status=500
2026-09-15 09:09:52 INFO Incoming GET request to /
2026-09-15 09:08:52 INFO Connection closed normally
2026-09-15 09:11:42 INFO Incoming POST request to /api/users
2026-09-15 09:15:20 INFO Static file served: /css/style.css
2026-09-15 09:15:02 INFO Incoming GET request to /login
2026-09-15 09:11:12 INFO Incoming GET request to /login
2026-09-15 09:10:45 INFO API response sent with status 200
2026-09-15 09:18:20 INFO Session created successfully
2026-09-15 09:12:00 WARNING Deprecated endpoint accessed
2026-09-15 09:16:06 INFO Connection closed normally
2026-09-15 09:15:40 INFO User authentication successful
2026-09-15 09:12:00 INFO Incoming GET request to /login
2026-09-15 09:19:36 INFO Static file served: /js/app.js
2026-09-15 09:08:20 INFO User logged out successfully
2026-09-15 09:07:39 INFO Background job completed
2026-09-15 09:09:32 INFO Incoming GET request to /login
2026-09-15 09:11:29 INFO User logged out successfully
2026-09-15 09:18:54 WARNING Deprecated endpoint accessed
2026-09-15 09:09:10 ERROR Unsupported request method status=500
2026-09-15 09:18:40 INFO Health check passed
2026-09-15 09:20:54 INFO Session created successfully
2026-09-15 09:15:28 INFO Session created successfully
2026-09-15 09:07:52 INFO Cache refreshed
2026-09-15 09:11:00 INFO Cache refreshed
2026-09-15 09:25:25 INFO User logged out successfully
2026-09-15 09:16:32 INFO User logged out successfully
2026-09-15 09:18:54 WARNING High memory usage detected
2026-09-15 09:18:08 INFO Static file served: /css/style.css
2026-09-15 09:14:05 ERROR Unable to connect to payment service status=502
2026-09-15 09:08:48 INFO API response sent with status 200
2026-09-15 09:17:52 INFO Session created successfully
2026-09-15 09:14:44 INFO Session created successfully
2026-09-15 09:12:39 INFO Background job completed
2026-09-15 09:19:50 ERROR Session expired unexpectedly status=503
2026-09-15 09:16:34 INFO Incoming GET request to /login
2026-09-15 09:22:48 ERROR Failed to parse JSON request body status=403
2026-09-15 09:30:25 INFO User logged out successfully
2026-09-15 09:29:36 INFO Connection closed normally
2026-09-15 09:10:00 INFO Health check passed
2026-09-15 09:22:48 ERROR Too many login attempts status=502
2026-09-15 09:10:16 INFO Incoming GET request to /
2026-09-15 09:24:42 ERROR Invalid user input status=408
2026-09-15 09:19:45 INFO Server started successfully
2026-09-15 09:20:00 INFO Connection closed normally
2026-09-15 09:13:30 WARNING High memory usage detected
2026-09-15 09:31:26 ERROR API rate limit exceeded status=401
2026-09-15 09:34:35 INFO User logged out successfully
2026-09-15 09:16:48 ERROR Database transaction rolled back status=403
2026-09-15 09:32:35 INFO Session created successfully
2026-09-15 09:18:38 INFO Database connection established
2026-09-15 09:34:48 ERROR Authentication service unavailable status=500
2026-09-15 09:20:32 INFO Connection closed normally
2026-09-15 09:37:05 INFO User logged out successfully
2026-09-15 09:21:00 ERROR Request body exceeded size limit status=408
2026-09-15 09:30:20 INFO Cache refreshed
2026-09-15 09:29:08 ERROR User authentication failed status=502
2026-09-15 09:37:12 INFO Static file served: /js/app.js
2026-09-15 09:17:14 INFO Incoming POST request to /api/users
2026-09-15 09:23:45 ERROR Unable to connect to payment service status=401
2026-09-15 09:28:48 INFO Server started successfully
2026-09-15 09:40:25 INFO Incoming POST request to /api/users
2026-09-15 09:24:30 INFO Server started successfully
2026-09-15 09:16:30 WARNING High memory usage detected
2026-09-15 09:25:00 INFO Incoming GET request to /
2026-09-15 09:15:09 INFO Background job completed
2026-09-15 09:30:36 INFO Incoming GET request to /
2026-09-15 09:41:12 ERROR DNS lookup failed status=404
2026-09-15 09:27:44 INFO Cache refreshed
2026-09-15 09:40:15 INFO Incoming POST request to /api/users
2026-09-15 09:44:10 INFO Incoming GET request to /login
2026-09-15 09:41:01 ERROR Failed to send email notification status=404
2026-09-15 09:41:24 ERROR Invalid user input status=500
2026-09-15 09:25:26 INFO Incoming GET request to /
2026-09-15 09:20:10 INFO Cache refreshed
2026-09-15 09:38:51 INFO User authentication successful
2026-09-15 09:39:12 ERROR API rate limit exceeded status=500
2026-09-15 09:41:26 INFO Background job completed
2026-09-15 09:17:06 INFO Cache refreshed
2026-09-15 09:21:05 INFO Server started successfully
2026-09-15 09:38:40 INFO API response sent with status 200
2026-09-15 09:35:06 ERROR Authentication service unavailable status=401
2026-09-15 09:29:30 ERROR Application crashed during request status=404
2026-09-15 09:27:46 INFO Session created successfully
2026-09-15 09:44:00 INFO Incoming GET request to /login
